// Jest Snapshot v1, https://goo.gl/fbAQLP

exports[`Login should render correctly 1`] = `
<div>
  <LoginForm
    handleChange={
      Object {
        "onChangePassword": [Function],
        "onChangeUsername": [Function],
      }
    }
    handleSubmit={[Function]}
    textField={
      Object {
        "passwordField": Object {
          "error": "",
          "valid": false,
          "value": "",
        },
        "usernameField": Object {
          "error": "",
          "valid": false,
          "value": "",
        },
      }
    }
  />
</div>
`;
